{"op_code":0,"worker_id":"c1b07365-2e73-4846-bfff-1f5efc7aa03a-132700680994816","study_name":"dml_search","directions":[2]}
{"op_code":2,"worker_id":"c1b07365-2e73-4846-bfff-1f5efc7aa03a-132700680994816","study_id":0,"user_attr":{"main_model":"resnet32"}}
{"op_code":4,"worker_id":"c1b07365-2e73-4846-bfff-1f5efc7aa03a-132700680994816","study_id":0,"datetime_start":"2026-05-07T07:03:28.604544"}
{"op_code":0,"worker_id":"c75db078-3936-454c-a880-b3f16cdb5ac0-128651487961088","study_name":"dml_search","directions":[2]}
{"op_code":8,"worker_id":"c1b07365-2e73-4846-bfff-1f5efc7aa03a-132700680994816","trial_id":0,"user_attr":{"num_nodes":3}}
{"op_code":2,"worker_id":"c75db078-3936-454c-a880-b3f16cdb5ac0-128651487961088","study_id":0,"user_attr":{"main_model":"resnet32"}}
{"op_code":4,"worker_id":"c75db078-3936-454c-a880-b3f16cdb5ac0-128651487961088","study_id":0,"datetime_start":"2026-05-07T07:03:28.633550"}
{"op_code":5,"worker_id":"c1b07365-2e73-4846-bfff-1f5efc7aa03a-132700680994816","trial_id":0,"param_name":"model_1","param_value_internal":2,"distribution":"{\"name\": \"CategoricalDistribution\", \"attributes\": {\"choices\": [\"resnet32\", \"resnet110\", \"wideresnet28_2\"]}}"}
{"op_code":8,"worker_id":"c75db078-3936-454c-a880-b3f16cdb5ac0-128651487961088","trial_id":1,"user_attr":{"num_nodes":3}}
{"op_code":5,"worker_id":"c1b07365-2e73-4846-bfff-1f5efc7aa03a-132700680994816","trial_id":0,"param_name":"model_2","param_value_internal":1,"distribution":"{\"name\": \"CategoricalDistribution\", \"attributes\": {\"choices\": [\"resnet32\", \"resnet110\", \"wideresnet28_2\"]}}"}
{"op_code":5,"worker_id":"c75db078-3936-454c-a880-b3f16cdb5ac0-128651487961088","trial_id":1,"param_name":"model_1","param_value_internal":1,"distribution":"{\"name\": \"CategoricalDistribution\", \"attributes\": {\"choices\": [\"resnet32\", \"resnet110\", \"wideresnet28_2\"]}}"}
{"op_code":5,"worker_id":"c1b07365-2e73-4846-bfff-1f5efc7aa03a-132700680994816","trial_id":0,"param_name":"label_edge_0","param_value_internal":0,"distribution":"{\"name\": \"CategoricalDistribution\", \"attributes\": {\"choices\": [true, false]}}"}
{"op_code":5,"worker_id":"c75db078-3936-454c-a880-b3f16cdb5ac0-128651487961088","trial_id":1,"param_name":"model_2","param_value_internal":0,"distribution":"{\"name\": \"CategoricalDistribution\", \"attributes\": {\"choices\": [\"resnet32\", \"resnet110\", \"wideresnet28_2\"]}}"}
{"op_code":5,"worker_id":"c1b07365-2e73-4846-bfff-1f5efc7aa03a-132700680994816","trial_id":0,"param_name":"label_edge_1","param_value_internal":1,"distribution":"{\"name\": \"CategoricalDistribution\", \"attributes\": {\"choices\": [true, false]}}"}
{"op_code":5,"worker_id":"c75db078-3936-454c-a880-b3f16cdb5ac0-128651487961088","trial_id":1,"param_name":"label_edge_0","param_value_internal":1,"distribution":"{\"name\": \"CategoricalDistribution\", \"attributes\": {\"choices\": [true, false]}}"}
{"op_code":5,"worker_id":"c1b07365-2e73-4846-bfff-1f5efc7aa03a-132700680994816","trial_id":0,"param_name":"label_edge_2","param_value_internal":0,"distribution":"{\"name\": \"CategoricalDistribution\", \"attributes\": {\"choices\": [true, false]}}"}
{"op_code":5,"worker_id":"c75db078-3936-454c-a880-b3f16cdb5ac0-128651487961088","trial_id":1,"param_name":"label_edge_1","param_value_internal":0,"distribution":"{\"name\": \"CategoricalDistribution\", \"attributes\": {\"choices\": [true, false]}}"}
{"op_code":5,"worker_id":"c1b07365-2e73-4846-bfff-1f5efc7aa03a-132700680994816","trial_id":0,"param_name":"peer_0_1","param_value_internal":1,"distribution":"{\"name\": \"CategoricalDistribution\", \"attributes\": {\"choices\": [true, false]}}"}
{"op_code":5,"worker_id":"c75db078-3936-454c-a880-b3f16cdb5ac0-128651487961088","trial_id":1,"param_name":"label_edge_2","param_value_internal":0,"distribution":"{\"name\": \"CategoricalDistribution\", \"attributes\": {\"choices\": [true, false]}}"}
{"op_code":5,"worker_id":"c1b07365-2e73-4846-bfff-1f5efc7aa03a-132700680994816","trial_id":0,"param_name":"peer_0_2","param_value_internal":0,"distribution":"{\"name\": \"CategoricalDistribution\", \"attributes\": {\"choices\": [true, false]}}"}
{"op_code":5,"worker_id":"c75db078-3936-454c-a880-b3f16cdb5ac0-128651487961088","trial_id":1,"param_name":"peer_0_1","param_value_internal":0,"distribution":"{\"name\": \"CategoricalDistribution\", \"attributes\": {\"choices\": [true, false]}}"}
{"op_code":5,"worker_id":"c1b07365-2e73-4846-bfff-1f5efc7aa03a-132700680994816","trial_id":0,"param_name":"peer_1_0","param_value_internal":0,"distribution":"{\"name\": \"CategoricalDistribution\", \"attributes\": {\"choices\": [true, false]}}"}
{"op_code":5,"worker_id":"c75db078-3936-454c-a880-b3f16cdb5ac0-128651487961088","trial_id":1,"param_name":"peer_0_2","param_value_internal":1,"distribution":"{\"name\": \"CategoricalDistribution\", \"attributes\": {\"choices\": [true, false]}}"}
{"op_code":5,"worker_id":"c1b07365-2e73-4846-bfff-1f5efc7aa03a-132700680994816","trial_id":0,"param_name":"peer_1_2","param_value_internal":0,"distribution":"{\"name\": \"CategoricalDistribution\", \"attributes\": {\"choices\": [true, false]}}"}
{"op_code":5,"worker_id":"c75db078-3936-454c-a880-b3f16cdb5ac0-128651487961088","trial_id":1,"param_name":"peer_1_0","param_value_internal":1,"distribution":"{\"name\": \"CategoricalDistribution\", \"attributes\": {\"choices\": [true, false]}}"}
{"op_code":5,"worker_id":"c1b07365-2e73-4846-bfff-1f5efc7aa03a-132700680994816","trial_id":0,"param_name":"peer_2_0","param_value_internal":0,"distribution":"{\"name\": \"CategoricalDistribution\", \"attributes\": {\"choices\": [true, false]}}"}
{"op_code":5,"worker_id":"c75db078-3936-454c-a880-b3f16cdb5ac0-128651487961088","trial_id":1,"param_name":"peer_1_2","param_value_internal":0,"distribution":"{\"name\": \"CategoricalDistribution\", \"attributes\": {\"choices\": [true, false]}}"}
{"op_code":5,"worker_id":"c1b07365-2e73-4846-bfff-1f5efc7aa03a-132700680994816","trial_id":0,"param_name":"peer_2_1","param_value_internal":0,"distribution":"{\"name\": \"CategoricalDistribution\", \"attributes\": {\"choices\": [true, false]}}"}
{"op_code":5,"worker_id":"c75db078-3936-454c-a880-b3f16cdb5ac0-128651487961088","trial_id":1,"param_name":"peer_2_0","param_value_internal":0,"distribution":"{\"name\": \"CategoricalDistribution\", \"attributes\": {\"choices\": [true, false]}}"}
{"op_code":5,"worker_id":"c75db078-3936-454c-a880-b3f16cdb5ac0-128651487961088","trial_id":1,"param_name":"peer_2_1","param_value_internal":0,"distribution":"{\"name\": \"CategoricalDistribution\", \"attributes\": {\"choices\": [true, false]}}"}
{"op_code":7,"worker_id":"c1b07365-2e73-4846-bfff-1f5efc7aa03a-132700680994816","trial_id":0,"step":1,"intermediate_value":3.91}
{"op_code":7,"worker_id":"c75db078-3936-454c-a880-b3f16cdb5ac0-128651487961088","trial_id":1,"step":1,"intermediate_value":1.0}
